#################################
NITROGEN                         
  Numerical and                  
  Iterative                      
  Techniques for                 
 ROvibronic energies with        
GENeral internal coordinates     
                                 
PBC,2013-2017                    
Release version (1.9), Linux build
OpenMP Parallelization
Compiled Feb 21 2024, 09:24:35
Executed: Thu Mar 21 20:51:22 2024
#################################

Loading job file: "STAT.job"
-----BEGIN JOB FILE CONTENT-----
> # Example CO2He stationary point
> # optimization and harmonic 
> # frequency calculation
> 
> JOBTYPE = JOBTYPE_STAT
> 
> # Optimizing MINimum geometry
> STAT_TYPE = MIN
> 
> # Use Z-matrix coordinate system
> COORD = ZMAT
> %ZMAT
> He
> C1 1 R12
> O2 2 R13 1 A213
> O3 2 R14 1 A214 3 D3214
> %
> 
> # Masses
> MASS = He C-13 O-16 O-18
> 
> # Select PES library
> PES = /home/oosode/project/rgCO2/rgCO2-stampede/pes/HeCO2/CO2He/libCO2He.so
> 
> # Starting coordinates based on Z-martix
> # distances in angstroms, D indicates degrees
> REF1 = 3.074804384683565 1.162212105224351 D89.987891669189310 1.162212105293320 D89.987885020988628 D179.999999987358706 
> 
> # Select BFGS optimization
> STAT_OPT = BFGS
> 
> # Set gradient norm tolerance to 1e-1
> STAT_TOL = 1e-1
> STAT_MAX_ITER = 100000
> 
> # Calculate frequencies after optimization
> CALC_FREQ
> HESS_STEP = 0.005
> GRAD_STEP = 1e-6
> CALC_RECT
> 
> # Print verbose optimization output
> STAT_VERBOSE
> 
> 
------END JOB FILE CONTENT------

### PARSING JOB FILE ###

JOBTYPE = JOBTYPE_STAT
# of CPUs:	64
# of thrs:	64
sizeof(void *) = 8
max size_t = 18446744073709551615

Atom | ZMAT entry:              
--------------------------------
  1  | He
  2  | C1 1 R12
  3  | O2 2 R13 1 A213
  4  | O3 2 R14 1 A214 3 D3214

# of non-dummy ZMAT atoms = 4
# of non-fixed ZMAT coord = 6

Coordinate system: ZMAT
N = 4, Nq = 6

 Atom | Isotope | Atomic Mass (/u) | Nuclear spin 
--------------------------------------------------
   1  |     He  |   4.00260325415  | 0            
   2  |   C-13  |  13.00335483780  | 1/2          
   3  |   O-16  |  15.99491461956  | 0            
   4  |   O-18  |  17.99916100000  | 0            
--------------------------------------------------

Loading PES shared library from "/home/oosode/project/rgCO2/rgCO2-stampede/pes/HeCO2/CO2He/libCO2He.so":
N = 4
Note: cannot import PES calcGradient subroutine. Using numerical gradient.
PES_GRAD_STEP = 1.00E-05 (default)
PESPERM = 1 2 3 4 (default)
PES imported successfully

Loading user reference geometries:
----------------------------------
REF1 = [3.0748, 1.1622, 1.5706, 1.1622, 1.5706, 3.1416]

STAT_OPT = BFGS

STAT_TYPE = MIN
STAT_TOL = 1.000000E-01
GRAD_STEP = 1.000000E-06
HESS_STEP = 5.000000E-03
STAT_MAX_ITER = FD_ORDER = 6 (default)
STEP_SCALE = 1.000000E-07 (default)
STEP_ALPHA = 6.000000E-01 (default)
Calculate frequencies (CALC_FREQ): YES
No STAT_CONSTRAINT specified.
### PARSING COMPLETE ###

Begin stationary point analysis:
********************************
Initial position:
V=-47.645434093097
q = [ 3.074804384683565 1.162212105224351 1.570584996555329 1.162212105293320 1.570584880522338 3.141592653369161 ]
g = [ 9.0240E-01 -7.7230E-01 8.9632E-01 -7.7216E-01 8.9629E-01 -2.6493E-05 ]
|grad| = 1.900981E+00
Printing STAT_VERBOSE output...
Iteration    1: V=-47.646482757898 q = [3.073154963667418 1.162212434653507 1.570578742997054 1.162212434525776 1.570578570814103 3.141592650259594 ], |grad| = 7.583130E-01
Iteration    2: V=-47.646647113705 q = [3.072503139156091 1.162212566550133 1.570576249726086 1.162212566490639 1.570576041317552 3.141592653178686 ], |grad| = 3.021121E-01
Iteration    3: V=-47.646672726634 q = [3.072247014259238 1.162212619366187 1.570575123447989 1.162212619481441 1.570575160330450 3.141592652351794 ], |grad| = 1.207122E-01
Iteration    4: V=-47.646676787509 q = [3.072145222005735 1.162212640650687 1.570574832420568 1.162212640579069 1.570574647838675 3.141592653455744 ], |grad| = 4.825262E-02

Optimized energy and geometry: 
-------------------------------
  V = -47.646676787509 cm^-1, |grad| = 4.825262E-02
       R12 =    3.072145222005735         3.072145222005735
       R13 =    1.162212640650687         1.162212640650687
      A213 =    1.570574832420568       D89.987309307165049
       R14 =    1.162212640579069         1.162212640579069
      A214 =    1.570574647838675       D89.987298731401623
     D3214 =    3.141592653455744      D179.999999992319573

Rotational constants at optimized geometry:
-------------------------------------------
 A =  0.484703469100 cm-1, 14531.044440250533 MHz
 B =  0.367755126438 cm-1, 11025.021329684838 MHz
 C =  0.209103628606 cm-1,  6268.769079661259 MHz

REF parameter formatted string: 
--------------------------------
  REF1 = 3.072145222005735 1.162212640650687 D89.987309307165049 1.162212640579069 D89.987298731401623 D179.999999992319573 

FG analysis (STAT_VERBOSE is  ON) :
***********************************
Internal coordinate Hessian:
+3.32924E+02 -1.09256E+02 +2.51047E+01 -1.09222E+02 +2.49016E+01 +1.32342E-01 
-1.09256E+02 +8.04935E+05 -3.93083E+01 +6.29058E+04 +9.78414E+01 +7.76042E-02 
+2.51047E+01 -3.93083E+01 +3.96937E+04 +9.78326E+01 +3.94748E+04 +7.87077E-02 
-1.09222E+02 +6.29058E+04 +9.78326E+01 +8.04935E+05 -3.91519E+01 +1.02986E-01 
+2.49016E+01 +9.78414E+01 +3.94748E+04 -3.91519E+01 +3.96936E+04 +1.34644E-02 
+1.32342E-01 +7.76042E-02 +7.87077E-02 +1.02986E-01 +1.34644E-02 +3.96247E+04 
Printing Hessian to "HESS_IC".

Moments of inertia:   [     34.7793     45.8393     80.6185 ] u Ang^2
Rotational constants: [      0.4847      0.3678      0.2091 ] cm^-1
                      [ 14531.0444 11025.0213  6268.7691 ] MHz


Internal coordinate Gvib:
+3.26741E-01 +1.70336E-05 -6.61697E-02 +1.70478E-05 -6.61697E-02 -9.74263E-27 
+1.70336E-05 +1.39423E-01 -2.50324E-02 -7.69032E-02 +2.50031E-02 -8.86923E-12 
-6.61697E-02 -2.50324E-02 +1.37830E-01 +2.50031E-02 +2.23244E-02 +2.88450E-12 
+1.70478E-05 -7.69032E-02 +2.50031E-02 +1.32461E-01 -2.50324E-02 -8.86923E-12 
-6.61697E-02 +2.50031E-02 +2.23244E-02 -2.50324E-02 +1.32676E-01 +2.88451E-12 
-9.74263E-27 -8.86923E-12 +2.88450E-12 -8.86923E-12 +2.88451E-12 +3.15116E-01 

GF matrix:
+1.05467E+02 -2.47880E+01 -5.23035E+03 -2.47762E+01 -5.23041E+03 +3.71455E-02 
-6.83336E+00 +1.07392E+05 -1.96423E+01 -5.31350E+04 +2.09669E+01 +1.26815E-03 
-1.80094E+01 -1.85726E+04 +6.35399E+03 +1.85710E+04 +6.32186E+03 +3.02431E-03 
-6.05557E+00 -5.35729E+04 +2.02994E+01 +1.01789E+05 -1.93458E+01 +9.30649E-03 
-1.81628E+01 +1.85705E+04 +6.11839E+03 -1.85724E+04 +6.14941E+03 -5.85105E-03 
+4.17030E-02 +2.44466E-02 +2.48023E-02 +3.24449E-02 +4.24306E-03 +1.24864E+04 

Frequencies:
------------
 Mode  1     27.3127704615  
 Mode  2     55.1412773768  
 Mode  3    648.8305990774  
 Mode  4    648.8499135909  
 Mode  5   1313.3879131143  
 Mode  6   2308.2284336519  


Frequencies: [    27.313     55.141    648.831    648.850   1313.388   2308.228  ] cm^-1 
 VR matrix (dQ = VR * dQ'): 
         R12:  -0.001940  +0.406685  -0.000213  +0.054057  -0.000026  -0.000000 
         R13:  +0.000062  +0.000052  -0.000000  +0.000011  +0.026721  +0.040376 
        A213:  +0.249766  +0.002822  +0.000256  -0.065030  +0.000564  -0.009268 
         R14:  -0.000065  +0.000051  -0.000000  +0.000011  +0.028276  -0.038469 
        A214:  -0.249794  -0.001634  +0.000248  -0.062937  -0.000566  +0.009268 
       D3214:  -0.000000  -0.000001  +0.127962  +0.000504  +0.000000  -0.000000 


Frequencies: [    27.313     55.141    648.831    648.850   1313.388   2308.228  ] cm^-1 
 (VR^-1)^T matrix: 
         R12:  -0.021804  +2.455770  -0.000064  +0.022802  -0.004581  -0.000092 
         R13:  +0.443409  +0.003335  -0.000002  -0.000434 +17.730761 +13.032223 
        A213:  +1.959591  +1.046826  +0.030788  -7.805110  +0.001327  -0.003202 
         R14:  -0.499033  -0.001149  -0.000007  -0.000228 +18.609667 -12.315215 
        A214:  -2.043524  +1.027640  +0.030772  -7.804410  +0.000979  +0.003238 
       D3214:  -0.000001  -0.000007  +7.814725  +0.030809  +0.000005  -0.000001 
Printing NC transformation info to "NC_TRANS"


Frequencies: [    27.313     55.141    648.831    648.850   1313.388   2308.228  ] cm^-1 
 VR matrix (columns norm. to 1): 
         R12:  -0.005491  +0.999968  -0.001663  +0.512801  -0.000680  -0.000005 
         R13:  +0.000177  +0.000127  -0.000000  +0.000100  +0.686689  +0.704795 
        A213:  +0.707056  +0.006939  +0.002004  -0.616897  +0.014489  -0.161781 
         R14:  -0.000183  +0.000124  -0.000001  +0.000106  +0.726661  -0.671506 
        A214:  -0.707136  -0.004018  +0.001939  -0.597035  -0.014552  +0.161775 
       D3214:  -0.000001  -0.000003  +0.999995  +0.004786  +0.000001  -0.000000 


Frequencies: [    27.313     55.141    648.831    648.850   1313.388   2308.228  ] cm^-1 

---------------------------------
Rectilinear normal mode analysis:
---------------------------------
Geometry in PAS frame:
X0      0.189500  -2.824884   0.000000 
X1      0.033351   0.243290   0.000000 
X2      1.194074   0.302106  -0.000000 
X3     -1.127346   0.183961  -0.000000 

Principal moments of inertia:
 Ia  34.77926256 u*A^2
 Ib  45.83927729 u*A^2
 Ic  80.61853985 u*A^2
Projecting Hessian against T and R vectors!

Frequencies (cm^-1) and TR overlap matrix:
           |    Tx       Ty       Tz       Rx       Ry       Rz     |  SOS 
-----------------------------------------------------------------------------
   -0.0000 |  -0.964   +0.023   +0.053   +0.018   -0.050   +0.253   | 1.000
   -0.0000 |  +0.005   -0.016   +0.681   +0.157   +0.715   +0.009   | 1.000
   -0.0000 |  +0.097   -0.506   +0.562   +0.199   -0.593   +0.167   | 1.000
   -0.0000 |  -0.001   +0.810   +0.372   +0.130   -0.363   -0.237   | 1.000
    0.0000 |  -0.000   -0.000   +0.280   -0.958   -0.056   -0.000   | 1.000
    0.0000 |  +0.246   +0.294   -0.027   -0.009   +0.021   +0.923   | 1.000
   27.3133 |  +0.000   -0.000   +0.000   +0.000   -0.000   -0.000   | 0.000
   55.1653 |  +0.000   -0.000   +0.000   +0.000   -0.000   +0.000   | 0.000
  648.8293 |  +0.000   -0.000   +0.000   +0.000   -0.000   +0.000   | 0.000
  648.8496 |  -0.000   +0.000   -0.000   -0.000   +0.000   -0.000   | 0.000
 1313.3878 |  +0.000   +0.000   -0.000   -0.000   +0.000   -0.000   | 0.000
 2308.2286 |  -0.000   -0.000   +0.000   +0.000   -0.000   +0.000   | 0.000

Coriolis coupling constants:
----------------------------
ZETA(x)_kl
--- 1---   0.0000   0.0000   0.0000  -0.0000  -0.0000 
         --- 2---   0.0028   0.0000   0.0000   0.0000 
                  --- 3---  -0.9987   0.0009   0.0508 
                           --- 4---   0.0000   0.0000 
                                    --- 5---   0.0000 
                                             --- 6--- 


ZETA(y)_kl
--- 1---   0.0000   0.0004   0.0000   0.0000   0.0000 
         --- 2---   0.0001   0.0000  -0.0000  -0.0000 
                  --- 3---  -0.0508  -0.0149  -0.9986 
                           --- 4---  -0.0000  -0.0007 
                                    --- 5---  -0.0000 
                                             --- 6--- 


ZETA(z)_kl
--- 1---  -0.7535  -0.0000   0.0019   0.6572  -0.0097 
         --- 2---   0.0000  -0.0000  -0.0160   0.0028 
                  --- 3---   0.0000  -0.0000  -0.0007 
                           --- 4---   0.0149   0.9999 
                                    --- 5---   0.0001 
                                             --- 6--- 


Printing constants to "coriolis" text file.
 Format:  I K L  ZETA^I_K,L ... I = 1,2,3 for x,y,z

Inertial tensor derivatives (using BOHR units!!!):
(Printing to file "didQ".)
 -1.4332  16.7218  -0.0000 
 16.7218   1.9780   0.0000 
 -0.0000   0.0000   0.5448 


 22.2426   1.0809  -0.0000 
  1.0809   0.0614   0.0000 
 -0.0000   0.0000  22.3040 


  0.0000   0.0000   0.0000 
  0.0000  -0.0000  -0.0000 
  0.0000  -0.0000   0.0000 


 -0.0631  -0.0040  -0.0000 
 -0.0040   0.0034   0.0000 
 -0.0000   0.0000  -0.0597 


  0.0576  -1.2990  -0.0000 
 -1.2990  25.5092  -0.0000 
 -0.0000  -0.0000  25.5668 


 -0.0003   0.0134  -0.0000 
  0.0134  -0.3803  -0.0000 
 -0.0000  -0.0000  -0.3805 



Displacement vectors (non-mass-weighted Cartesians):
       x           y          z   
Freq. =    27.3133 cm^-1
   0.401669    0.013900    0.000000 
  -0.033870   -0.006531    0.000000 
  -0.027590   -0.131705   -0.000000 
  -0.040335    0.118667   -0.000000 

Freq. =    55.1653 cm^-1
   0.018212   -0.374620   -0.000000 
  -0.001529    0.031499   -0.000000 
  -0.001622    0.034353    0.000000 
  -0.001504    0.030023    0.000000 

Freq. =   648.8293 cm^-1
   0.000000   -0.000000   -0.000015 
  -0.000002    0.000037   -0.053736 
   0.000001   -0.000015    0.021845 
   0.000001   -0.000013    0.019412 

Freq. =   648.8496 cm^-1
  -0.000018    0.000295   -0.000000 
   0.002733   -0.053692   -0.000037 
  -0.001103    0.021789    0.000015 
  -0.000990    0.019361    0.000013 

Freq. =  1313.3878 cm^-1
  -0.000002    0.000029   -0.000000 
   0.001733    0.000091   -0.000000 
   0.028420    0.001442    0.000000 
  -0.026507   -0.001354    0.000000 

Freq. =  2308.2286 cm^-1
  -0.000008   -0.000001   -0.000000 
   0.028438    0.001447   -0.000000 
  -0.011886   -0.000600    0.000000 
  -0.009981   -0.000512    0.000000 

Printing normal coordinate information to "RECTNORMCOORD" text file


#################################
 NITROGEN exited successfully    
#################################
