#################################
NITROGEN                         
  Numerical and                  
  Iterative                      
  Techniques for                 
 ROvibronic energies with        
GENeral internal coordinates     
                                 
PBC,2013-2017                    
Release version (1.9), Linux build
OpenMP Parallelization
Compiled Feb 21 2024, 09:24:35
Executed: Wed Mar 20 21:58:50 2024
#################################

Loading job file: "STAT.job"
-----BEGIN JOB FILE CONTENT-----
> # Example CO2He stationary point
> # optimization and harmonic 
> # frequency calculation
> 
> JOBTYPE = JOBTYPE_STAT
> 
> # Optimizing MINimum geometry
> STAT_TYPE = MIN
> 
> # Use Z-matrix coordinate system
> COORD = ZMAT
> %ZMAT
> He
> C1 1 R12
> O2 2 R13 1 A213
> O3 2 R14 1 A214 3 D3214
> %
> 
> # Masses
> MASS = He C O-16 O-18
> 
> # Select PES library
> PES = /home/oosode/project/rgCO2/rgCO2-stampede/pes/HeCO2/CO2He/libCO2He.so
> 
> # Starting coordinates based on Z-martix
> # distances in angstroms, D indicates degrees
> #REF1 = 3.072126158394488 1.162212327901127 D89.987379264934717 1.162212327743621 D89.987378418022047 D179.999999999995111 
> REF1 = 3.074804384683565 1.162212105224351 D89.987891669189310 1.162212105293320 D89.987885020988628 D179.999999987358706 
> 
> # Select BFGS optimization
> STAT_OPT = BFGS
> 
> # Set gradient norm tolerance to 1e-1
> STAT_TOL = 1e-1
> STAT_MAX_ITER = 100000
> 
> # Calculate frequencies after optimization
> CALC_FREQ
> HESS_STEP = 0.005
> GRAD_STEP = 1e-6
> CALC_RECT
> 
> # Print verbose optimization output
> STAT_VERBOSE
> 
> 
------END JOB FILE CONTENT------

### PARSING JOB FILE ###

JOBTYPE = JOBTYPE_STAT
# of CPUs:	1
# of thrs:	1
sizeof(void *) = 8
max size_t = 18446744073709551615

Atom | ZMAT entry:              
--------------------------------
  1  | He
  2  | C1 1 R12
  3  | O2 2 R13 1 A213
  4  | O3 2 R14 1 A214 3 D3214

# of non-dummy ZMAT atoms = 4
# of non-fixed ZMAT coord = 6

Coordinate system: ZMAT
N = 4, Nq = 6

 Atom | Isotope | Atomic Mass (/u) | Nuclear spin 
--------------------------------------------------
   1  |     He  |   4.00260325415  | 0            
   2  |      C  |  12.00000000000  | 0            
   3  |   O-16  |  15.99491461956  | 0            
   4  |   O-18  |  17.99916100000  | 0            
--------------------------------------------------

Loading PES shared library from "/home/oosode/project/rgCO2/rgCO2-stampede/pes/HeCO2/CO2He/libCO2He.so":
N = 4
Note: cannot import PES calcGradient subroutine. Using numerical gradient.
PES_GRAD_STEP = 1.00E-05 (default)
PESPERM = 1 2 3 4 (default)
PES imported successfully

Loading user reference geometries:
----------------------------------
REF1 = [3.0748, 1.1622, 1.5706, 1.1622, 1.5706, 3.1416]

STAT_OPT = BFGS

STAT_TYPE = MIN
STAT_TOL = 1.000000E-01
GRAD_STEP = 1.000000E-06
HESS_STEP = 5.000000E-03
STAT_MAX_ITER = FD_ORDER = 6 (default)
STEP_SCALE = 1.000000E-07 (default)
STEP_ALPHA = 6.000000E-01 (default)
Calculate frequencies (CALC_FREQ): YES
No STAT_CONSTRAINT specified.
### PARSING COMPLETE ###

Begin stationary point analysis:
********************************
Initial position:
V=-47.645434093097
q = [ 3.074804384683565 1.162212105224351 1.570584996555329 1.162212105293320 1.570584880522338 3.141592653369161 ]
g = [ 9.0240E-01 -7.7230E-01 8.9632E-01 -7.7216E-01 8.9629E-01 -2.6493E-05 ]
|grad| = 1.900981E+00
Printing STAT_VERBOSE output...
Iteration    1: V=-47.646482757898 q = [3.073154963667418 1.162212434653507 1.570578742997054 1.162212434525776 1.570578570814103 3.141592650259594 ], |grad| = 7.583130E-01
Iteration    2: V=-47.646647113705 q = [3.072503139156091 1.162212566550133 1.570576249726086 1.162212566490639 1.570576041317552 3.141592653178686 ], |grad| = 3.021121E-01
Iteration    3: V=-47.646672726634 q = [3.072247014259238 1.162212619366187 1.570575123447989 1.162212619481441 1.570575160330450 3.141592652351794 ], |grad| = 1.207122E-01
Iteration    4: V=-47.646676787509 q = [3.072145222005735 1.162212640650687 1.570574832420568 1.162212640579069 1.570574647838675 3.141592653455744 ], |grad| = 4.825262E-02

Optimized energy and geometry: 
-------------------------------
  V = -47.646676787509 cm^-1, |grad| = 4.825262E-02
       R12 =    3.072145222005735         3.072145222005735
       R13 =    1.162212640650687         1.162212640650687
      A213 =    1.570574832420568       D89.987309307165049
       R14 =    1.162212640579069         1.162212640579069
      A214 =    1.570574647838675       D89.987298731401623
     D3214 =    3.141592653455744      D179.999999992319573

Rotational constants at optimized geometry:
-------------------------------------------
 A =  0.485549315639 cm-1, 14556.402281573308 MHz
 B =  0.367764210078 cm-1, 11025.293650357633 MHz
 C =  0.209263834614 cm-1,  6273.571934953714 MHz

REF parameter formatted string: 
--------------------------------
  REF1 = 3.072145222005735 1.162212640650687 D89.987309307165049 1.162212640579069 D89.987298731401623 D179.999999992319573 

FG analysis (STAT_VERBOSE is  ON) :
***********************************
Internal coordinate Hessian:
+3.32924E+02 -1.09256E+02 +2.51047E+01 -1.09222E+02 +2.49016E+01 +1.32342E-01 
-1.09256E+02 +8.04935E+05 -3.93083E+01 +6.29058E+04 +9.78414E+01 +7.76042E-02 
+2.51047E+01 -3.93083E+01 +3.96937E+04 +9.78326E+01 +3.94748E+04 +7.87077E-02 
-1.09222E+02 +6.29058E+04 +9.78326E+01 +8.04935E+05 -3.91519E+01 +1.02986E-01 
+2.49016E+01 +9.78414E+01 +3.94748E+04 -3.91519E+01 +3.96936E+04 +1.34644E-02 
+1.32342E-01 +7.76042E-02 +7.87077E-02 +1.02986E-01 +1.34644E-02 +3.96247E+04 
Printing Hessian to "HESS_IC".

Moments of inertia:   [     34.7187     45.8381     80.5568 ] u Ang^2
Rotational constants: [      0.4855      0.3678      0.2093 ] cm^-1
                      [ 14556.4023 11025.2937  6273.5719 ] MHz


Internal coordinate Gvib:
+3.33171E-01 +1.84579E-05 -7.17023E-02 +1.84732E-05 -7.17023E-02 -3.08689E-26 
+1.84579E-05 +1.45853E-01 -2.71255E-02 -8.33333E-02 +2.70937E-02 -9.61081E-12 
-7.17023E-02 -2.71255E-02 +1.43271E-01 +2.70937E-02 +2.64043E-02 +3.12575E-12 
+1.84732E-05 -8.33333E-02 +2.70937E-02 +1.38891E-01 -2.71255E-02 -9.61081E-12 
-7.17023E-02 +2.70937E-02 +2.64043E-02 -2.71255E-02 +1.38117E-01 +3.12575E-12 
-3.08689E-26 -9.61081E-12 +3.12575E-12 -9.61081E-12 +3.12575E-12 +3.34155E-01 

GF matrix:
+1.07331E+02 -2.45782E+01 -5.66820E+03 -2.45662E+01 -5.66826E+03 +3.74868E-02 
-6.83359E+00 +1.12164E+05 -2.10792E+01 -5.79066E+04 +2.22085E+01 +9.68511E-04 
-1.96128E+01 -2.01251E+04 +6.73117E+03 +2.01231E+04 +6.69816E+03 +2.82817E-03 
-6.05452E+00 -5.83445E+04 +2.15422E+01 +1.06560E+05 -2.07815E+01 +9.60622E-03 
-1.97667E+01 +2.01226E+04 +6.49469E+03 -2.01249E+04 +6.52658E+03 -6.24218E-03 
+4.42226E-02 +2.59235E-02 +2.63008E-02 +3.44050E-02 +4.49942E-03 +1.32408E+04 

Frequencies:
------------
 Mode  1     27.3262605927  
 Mode  2     55.1872393198  
 Mode  3    668.1435512779  
 Mode  4    668.1822996073  
 Mode  5   1313.4648032147  
 Mode  6   2376.8671303968  


Frequencies: [    27.326     55.187    668.144    668.182   1313.465   2376.867  ] cm^-1 
 VR matrix (dQ = VR * dQ'): 
         R12:  -0.001975  -0.406841  -0.000128  +0.056038  -0.000026  +0.000000 
         R13:  +0.000063  -0.000052  -0.000000  +0.000011  +0.026787  -0.040895 
        A213:  +0.249828  -0.002881  +0.000151  -0.065930  +0.000561  +0.009611 
         R14:  -0.000065  -0.000051  -0.000000  +0.000011  +0.028215  +0.039118 
        A214:  -0.249855  +0.001662  +0.000147  -0.063927  -0.000564  -0.009611 
       D3214:  -0.000000  +0.000001  +0.129853  +0.000298  +0.000000  +0.000000 


Frequencies: [    27.326     55.187    668.144    668.182   1313.465   2376.867  ] cm^-1 
 (VR^-1)^T matrix: 
         R12:  -0.022218  -2.454679  -0.000027  +0.023058  -0.004581  +0.000083 
         R13:  +0.452952  -0.003417  -0.000003  -0.000502 +17.767230 -12.814390 
        A213:  +1.960594  -1.068892  +0.017649  -7.691138  +0.001302  +0.003176 
         R14:  -0.509774  +0.001246  -0.000008  -0.000310 +18.574088 +12.165711 
        A214:  -2.041524  -1.049376  +0.017634  -7.690488  +0.000969  -0.003208 
       D3214:  -0.000001  +0.000007  +7.700993  +0.017655  +0.000005  +0.000001 
Printing NC transformation info to "NC_TRANS"


Frequencies: [    27.326     55.187    668.144    668.182   1313.465   2376.867  ] cm^-1 
 VR matrix (columns norm. to 1): 
         R12:  -0.005589  -0.999967  -0.000987  +0.520889  -0.000672  +0.000004 
         R13:  +0.000178  -0.000127  -0.000000  +0.000101  +0.688373  -0.702647 
        A213:  +0.707057  -0.007082  +0.001164  -0.612839  +0.014404  +0.165139 
         R14:  -0.000184  -0.000124  -0.000000  +0.000106  +0.725069  +0.672121 
        A214:  -0.707134  +0.004084  +0.001128  -0.594218  -0.014482  -0.165134 
       D3214:  -0.000001  +0.000003  +0.999998  +0.002767  +0.000001  +0.000000 


Frequencies: [    27.326     55.187    668.144    668.182   1313.465   2376.867  ] cm^-1 

---------------------------------
Rectilinear normal mode analysis:
---------------------------------
Geometry in PAS frame:
X0      0.192276  -2.819859   0.000000 
X1      0.033835   0.248198   0.000000 
X2      1.194514   0.307880  -0.000000 
X3     -1.126818   0.188002  -0.000000 

Principal moments of inertia:
 Ia  34.71867568 u*A^2
 Ib  45.83814508 u*A^2
 Ic  80.55682075 u*A^2
Projecting Hessian against T and R vectors!

Frequencies (cm^-1) and TR overlap matrix:
           |    Tx       Ty       Tz       Rx       Ry       Rz     |  SOS 
-----------------------------------------------------------------------------
   -0.0000 |  +0.098   -0.461   -0.431   -0.151   +0.396   +0.642   | 1.000
    0.0000 |  -0.000   +0.000   -0.283   +0.957   +0.057   +0.000   | 1.000
    0.0000 |  +0.000   -0.833   +0.032   +0.012   -0.037   -0.552   | 1.000
    0.0000 |  -0.069   +0.299   -0.538   -0.192   +0.553   -0.523   | 1.000
    0.0000 |  +0.993   +0.066   +0.012   +0.003   +0.006   -0.099   | 1.000
    0.0000 |  -0.010   -0.019   +0.665   +0.153   +0.730   +0.021   | 1.000
   27.3261 |  -0.000   -0.000   -0.000   -0.000   +0.000   -0.000   | 0.000
   55.2113 |  +0.000   +0.000   -0.000   -0.000   +0.000   +0.000   | 0.000
  668.1421 |  -0.000   +0.000   -0.000   -0.000   -0.000   -0.000   | 0.000
  668.1819 |  -0.000   -0.000   +0.000   +0.000   -0.000   +0.000   | 0.000
 1313.4647 |  -0.000   -0.000   +0.000   +0.000   -0.000   +0.000   | 0.000
 2376.8673 |  -0.000   +0.000   -0.000   -0.000   +0.000   +0.000   | 0.000

Coriolis coupling constants:
----------------------------
ZETA(x)_kl
--- 1---   0.0000   0.0000   0.0000  -0.0000   0.0000 
         --- 2---   0.0028   0.0000   0.0000  -0.0000 
                  --- 3---  -0.9987   0.0008  -0.0516 
                           --- 4---   0.0000  -0.0001 
                                    --- 5---  -0.0000 
                                             --- 6--- 


ZETA(y)_kl
--- 1---   0.0000   0.0003   0.0000   0.0000  -0.0000 
         --- 2---   0.0001   0.0000  -0.0000   0.0000 
                  --- 3---  -0.0516  -0.0132   0.9986 
                           --- 4---  -0.0000   0.0010 
                                    --- 5---   0.0000 
                                             --- 6--- 


ZETA(z)_kl
--- 1---  -0.7538  -0.0000   0.0019   0.6569   0.0087 
         --- 2---   0.0000  -0.0000  -0.0164  -0.0028 
                  --- 3---  -0.0000  -0.0000   0.0010 
                           --- 4---   0.0133  -0.9999 
                                    --- 5---  -0.0001 
                                             --- 6--- 


Printing constants to "coriolis" text file.
 Format:  I K L  ZETA^I_K,L ... I = 1,2,3 for x,y,z

Inertial tensor derivatives (using BOHR units!!!):
(Printing to file "didQ".)
 -1.4520  16.7109  -0.0000 
 16.7109   2.0079   0.0000 
 -0.0000   0.0000   0.5559 


 22.2219   1.0954  -0.0000 
  1.0954   0.0628   0.0000 
 -0.0000   0.0000  22.2848 


  0.0001   0.0000   0.0000 
  0.0000  -0.0000  -0.0000 
  0.0000  -0.0000   0.0001 


 -0.0628  -0.0040  -0.0000 
 -0.0040   0.0035   0.0000 
 -0.0000   0.0000  -0.0594 


  0.0596  -1.3180  -0.0000 
 -1.3180  25.5071  -0.0000 
 -0.0000  -0.0000  25.5667 


  0.0002  -0.0117   0.0000 
 -0.0117   0.3391   0.0000 
  0.0000   0.0000   0.3392 



Displacement vectors (non-mass-weighted Cartesians):
       x           y          z   
Freq. =    27.3261 cm^-1
   0.401372    0.014058    0.000000 
  -0.034579   -0.006682    0.000000 
  -0.028210   -0.131767   -0.000000 
  -0.041133    0.118424   -0.000000 

Freq. =    55.2113 cm^-1
   0.018450   -0.374129   -0.000000 
  -0.001582    0.032132   -0.000000 
  -0.001680    0.035048    0.000000 
  -0.001555    0.030630    0.000000 

Freq. =   668.1421 cm^-1
   0.000000   -0.000000   -0.000014 
  -0.000003    0.000058   -0.055723 
   0.000001   -0.000022    0.020904 
   0.000001   -0.000019    0.018577 

Freq. =   668.1819 cm^-1
  -0.000018    0.000290   -0.000000 
   0.002875   -0.055673   -0.000059 
  -0.001070    0.020849    0.000022 
  -0.000962    0.018525    0.000020 

Freq. =  1313.4647 cm^-1
  -0.000002    0.000029   -0.000000 
   0.001724    0.000092   -0.000000 
   0.028475    0.001466    0.000000 
  -0.026453   -0.001371    0.000000 

Freq. =  2376.8673 cm^-1
   0.000007    0.000001   -0.000000 
  -0.029491   -0.001523   -0.000000 
   0.011349    0.000581    0.000000 
   0.009575    0.000499    0.000000 

Printing normal coordinate information to "RECTNORMCOORD" text file


#################################
 NITROGEN exited successfully    
#################################
