#################################
NITROGEN                         
  Numerical and                  
  Iterative                      
  Techniques for                 
 ROvibronic energies with        
GENeral internal coordinates     
                                 
PBC,2013-2017                    
Release version (1.9), Linux build
OpenMP Parallelization
Compiled Aug  1 2019, 01:46:39
Executed: Sun Feb 20 01:35:57 2022
#################################

Loading job file: "STAT.job"
-----BEGIN JOB FILE CONTENT-----
> # Example CO2He stationary point
> # optimization and harmonic 
> # frequency calculation
> 
> JOBTYPE = JOBTYPE_STAT
> 
> # Optimizing MINimum geometry
> STAT_TYPE = MIN
> 
> # Use Z-matrix coordinate system
> COORD = ZMAT
> %ZMAT
> He
> C1 1 R12
> O2 2 R13 1 A213
> O3 2 R14 1 A214 3 D3214
> %
> 
> # Masses
> MASS = He C O O
> 
> # Select PES library
> PES = /work2/02216/oosode/project/rgCO2/pes/HeCO2/CO2He/libCO2He.so
> 
> # Starting coordinates based on Z-martix
> # distances in angstroms, D indicates degrees
> #REF1 = 3.072126158394488 1.162212327901127 D89.987379264934717 1.162212327743621 D89.987378418022047 D179.999999999995111 
> REF1 = 3.074804384683565 1.162212105224351 D89.987891669189310 1.162212105293320 D89.987885020988628 D179.999999987358706 
> 
> # Select BFGS optimization
> STAT_OPT = BFGS
> 
> # Set gradient norm tolerance to 1e-1
> STAT_TOL = 1e-1
> STAT_MAX_ITER = 100000
> 
> # Calculate frequencies after optimization
> CALC_FREQ
> HESS_STEP = 0.005
> GRAD_STEP = 1e-6
> CALC_RECT
> 
> # Print verbose optimization output
> STAT_VERBOSE
> 
> 
------END JOB FILE CONTENT------

### PARSING JOB FILE ###

JOBTYPE = JOBTYPE_STAT
# of CPUs:	272
# of thrs:	1
sizeof(void *) = 8
max size_t = 18446744073709551615
He

Atom | ZMAT entry:              
--------------------------------
  1  | He
  2  | C1 1 R12
  3  | O2 2 R13 1 A213
  4  | O3 2 R14 1 A214 3 D3214

# of non-dummy ZMAT atoms = 4
# of non-fixed ZMAT coord = 6

Coordinate system: ZMAT
N = 4, Nq = 6

 Atom | Isotope | Atomic Mass (/u) | Nuclear spin 
--------------------------------------------------
   1  |     He  |   4.00260325415  | 0            
   2  |      C  |  12.00000000000  | 0            
   3  |      O  |  15.99491461956  | 0            
   4  |      O  |  15.99491461956  | 0            
--------------------------------------------------

Loading PES shared library from "/work2/02216/oosode/project/rgCO2/pes/HeCO2/CO2He/libCO2He.so":
N = 4
Note: cannot import PES calcGradient subroutine. Using numerical gradient.
PES_GRAD_STEP = 1.00E-05 (default)
PESPERM = 1 2 3 4 (default)
PES imported successfully

Loading user reference geometries:
----------------------------------
REF1 = [3.0748, 1.1622, 1.5706, 1.1622, 1.5706, 3.1416]

STAT_OPT = BFGS

STAT_TYPE = MIN
STAT_TOL = 1.000000E-01
GRAD_STEP = 1.000000E-06
HESS_STEP = 5.000000E-03
STAT_MAX_ITER = FD_ORDER = 6 (default)
STEP_SCALE = 1.000000E-07 (default)
STEP_ALPHA = 6.000000E-01 (default)
Calculate frequencies (CALC_FREQ): YES
No STAT_CONSTRAINT specified.
### PARSING COMPLETE ###

Begin stationary point analysis:
********************************
Initial position:
V=-47.827633396164
q = [ 3.074804384683565 1.162212105224351 1.570584996555329 1.162212105293320 1.570584880522338 3.141592653369161 ]
g = [ 1.0752E-01 -3.6807E-01 -4.6799E-01 -3.6792E-01 -4.6803E-01 -2.6589E-05 ]
|grad| = 8.488063E-01
Printing STAT_VERBOSE output...
Iteration    1: V=-47.827650593204 q = [3.074608775666317 1.162212332071502 1.570588559737918 1.162212332033193 1.570588531497401 3.141592653369221 ], |grad| = 3.395028E-01
Iteration    2: V=-47.827653340271 q = [3.074530508789019 1.162212422757532 1.570589913362210 1.162212422771796 1.570590063110022 3.141592653262097 ], |grad| = 1.358282E-01
Iteration    3: V=-47.827653775832 q = [3.074499340772105 1.162212459048727 1.570590688087757 1.162212459073108 1.570590443328323 3.141592652894930 ], |grad| = 5.431205E-02

Optimized energy and geometry: 
-------------------------------
  V = -47.827653775832 cm^-1, |grad| = 5.431205E-02
       R12 =    3.074499340772105         3.074499340772105
       R13 =    1.162212459048727         1.162212459048727
      A213 =    1.570590688087757       D89.988217769976387
       R14 =    1.162212459073108         1.162212459073108
      A214 =    1.570590443328323       D89.988203746293792
     D3214 =    3.141592652894930      D179.999999960187267

Rotational constants at optimized geometry:
-------------------------------------------
 A =  0.486154999721 cm-1, 14574.560233549371 MHz
 B =  0.390133766121 cm-1, 11695.916069424860 MHz
 C =  0.216441757960 cm-1,  6488.760663280079 MHz

REF parameter formatted string: 
--------------------------------
  REF1 = 3.074499340772105 1.162212459048727 D89.988217769976387 1.162212459073108 D89.988203746293792 D179.999999960187267 

FG analysis (STAT_VERBOSE is  ON) :
***********************************
Internal coordinate Hessian:
+3.30987E+02 -1.21727E+02 +2.46374E+01 -1.21893E+02 +2.46893E+01 -5.09496E-02 
-1.21727E+02 +8.04964E+05 -4.92974E+01 +6.29218E+04 +9.54938E+01 -1.42134E-02 
+2.46374E+01 -4.92974E+01 +3.96994E+04 +9.53762E+01 +3.94779E+04 +8.23362E-02 
-1.21893E+02 +6.29218E+04 +9.53762E+01 +8.04964E+05 -4.93537E+01 +7.98682E-02 
+2.46893E+01 +9.54938E+01 +3.94779E+04 -4.93537E+01 +3.96992E+04 +8.95065E-02 
-5.09496E-02 -1.42134E-02 +8.23362E-02 +7.98682E-02 +8.95065E-02 +3.96333E+04 
Printing Hessian to "HESS_IC".

Moments of inertia:   [     34.6754     43.2099     77.8853 ] u Ang^2
Rotational constants: [      0.4862      0.3901      0.2164 ] cm^-1
                      [ 14574.5602 11695.9161  6488.7607 ] MHz


Internal coordinate Gvib:
+3.33171E-01 +1.71366E-05 -7.17023E-02 +1.71570E-05 -7.17023E-02 +1.61332E-27 
+1.71366E-05 +1.45853E-01 -2.71047E-02 -8.33333E-02 +2.70752E-02 -4.98195E-11 
-7.17023E-02 -2.71047E-02 +1.43217E-01 +2.70752E-02 +2.64576E-02 +1.61915E-11 
+1.71570E-05 -8.33333E-02 +2.70752E-02 +1.45853E-01 -2.71047E-02 -4.98194E-11 
-7.17023E-02 +2.70752E-02 +2.64576E-02 -2.71047E-02 +1.43217E-01 +1.61915E-11 
+1.61332E-27 -4.98195E-11 +1.61915E-11 -4.98194E-11 +1.61915E-11 +3.39312E-01 

GF matrix:
+1.06734E+02 -2.89942E+01 -5.66898E+03 -2.90222E+01 -5.66896E+03 -2.92953E-02 
-7.59008E+00 +1.12167E+05 -2.23047E+01 -5.79069E+04 +2.28691E+01 -8.53989E-03 
-1.95517E+01 -2.01105E+04 +6.73228E+03 +2.01102E+04 +6.69858E+03 +2.03616E-02 
-7.63111E+00 -5.79069E+04 +2.28501E+01 +1.12167E+05 -2.23199E+01 +1.26339E-02 
-1.95366E+01 +2.01102E+04 +6.69859E+03 -2.01105E+04 +6.73227E+03 +1.61015E-02 
-1.72878E-02 -4.86600E-03 +2.79389E-02 +2.70570E-02 +3.03719E-02 +1.34481E+04 

Frequencies:
------------
 Mode  1     27.8519108183  
 Mode  2     55.1205902146  
 Mode  3    673.3386039618  
 Mode  4    673.3534774830  
 Mode  5   1352.5506787832  
 Mode  6   2394.6699102354  


Frequencies: [    27.852     55.121    673.339    673.353   1352.551   2394.670  ] cm^-1 
 VR matrix (dQ = VR * dQ'): 
         R12:  +0.000053  +0.407809  -0.055286  -0.003410  +0.000030  +0.000000 
         R13:  +0.000067  +0.000057  -0.000011  -0.000001  -0.027915  +0.040167 
        A213:  +0.250818  +0.000581  +0.065053  +0.004012  +0.000000  -0.009500 
         R14:  -0.000067  +0.000057  -0.000011  -0.000001  -0.027915  -0.040167 
        A214:  -0.250818  +0.000614  +0.065053  +0.004012  +0.000000  +0.009500 
       D3214:  +0.000000  +0.000001  -0.008024  +0.130097  -0.000000  -0.000000 


Frequencies: [    27.852     55.121    673.339    673.353   1352.551   2394.670  ] cm^-1 
 (VR^-1)^T matrix: 
         R12:  +0.000159  +2.449081  -0.022406  -0.001392  +0.005035  +0.000003 
         R13:  +0.471470  +0.001257  +0.000045  +0.000001 -17.911809 +12.447232 
        A213:  +1.993416  +1.040448  +7.647450  +0.471653  -0.000939  -0.003305 
         R14:  -0.471469  +0.001379  +0.000042  -0.000000 -17.911810 -12.447230 
        A214:  -1.993283  +1.040961  +7.647435  +0.471653  -0.000940  +0.003308 
       D3214:  +0.000000  +0.000003  -0.472264  +7.657455  -0.000002  -0.000002 
Printing NC transformation info to "NC_TRANS"


Frequencies: [    27.852     55.121    673.339    673.353   1352.551   2394.670  ] cm^-1 
 VR matrix (columns norm. to 1): 
         R12:  +0.000149  +0.999998  -0.513662  -0.026176  +0.000756  +0.000000 
         R13:  +0.000188  +0.000140  -0.000104  -0.000005  -0.707107  +0.688121 
        A213:  +0.707106  +0.001425  +0.604399  +0.030799  +0.000005  -0.162755 
         R14:  -0.000188  +0.000141  -0.000104  -0.000005  -0.707107  -0.688121 
        A214:  -0.707107  +0.001505  +0.604398  +0.030799  +0.000005  +0.162755 
       D3214:  +0.000000  +0.000001  -0.074548  +0.998708  -0.000000  -0.000000 


Frequencies: [    27.852     55.121    673.339    673.353   1352.551   2394.670  ] cm^-1 

---------------------------------
Rectilinear normal mode analysis:
---------------------------------
Geometry in PAS frame:
X0     -0.000002  -2.817924   0.000000 
X1      0.000000   0.256575   0.000000 
X2      1.162213   0.256335  -0.000000 
X3     -1.162212   0.256336  -0.000000 

Principal moments of inertia:
 Ia  34.67542085 u*A^2
 Ib  43.20986974 u*A^2
 Ic  77.88529059 u*A^2
Projecting Hessian against T and R vectors!

Frequencies (cm^-1) and TR overlap matrix:
           |    Tx       Ty       Tz       Rx       Ry       Rz     |  SOS 
-----------------------------------------------------------------------------
   -0.0000 |  +0.151   -0.266   +0.667   +0.201   -0.594   +0.261   | 1.000
   -0.0000 |  -0.219   +0.067   +0.213   +0.065   -0.228   -0.920   | 1.000
    0.0000 |  +0.000   +0.000   -0.289   +0.957   +0.000   +0.001   | 1.000
    0.0000 |  +0.093   +0.961   +0.152   +0.046   -0.164   +0.128   | 1.000
    0.0000 |  +0.959   -0.036   -0.091   -0.027   +0.033   -0.262   | 1.000
    0.0000 |  -0.031   -0.022   -0.628   -0.190   -0.753   +0.034   | 1.000
   27.8496 |  -0.000   -0.000   +0.000   +0.000   -0.000   +0.000   | 0.000
   55.1215 |  +0.000   -0.000   -0.000   -0.000   +0.000   -0.000   | 0.000
  673.3391 |  +0.000   -0.000   +0.000   +0.000   -0.000   +0.000   | 0.000
  673.3553 |  -0.000   -0.000   -0.000   -0.000   +0.000   +0.000   | 0.000
 1352.5504 |  -0.000   -0.000   -0.000   -0.000   -0.000   -0.000   | 0.000
 2394.6700 |  +0.000   -0.000   +0.000   +0.000   -0.000   -0.000   | 0.000

Coriolis coupling constants:
----------------------------
ZETA(x)_kl
--- 1---  -0.0000   0.0000   0.0000  -0.0000  -0.0000 
         --- 2---   0.0000  -0.0027  -0.0000  -0.0000 
                  --- 3---   1.0000  -0.0000   0.0000 
                           --- 4---   0.0001  -0.0000 
                                    --- 5---  -0.0000 
                                             --- 6--- 


ZETA(y)_kl
--- 1---   0.0000  -0.0000   0.0003   0.0000   0.0000 
         --- 2---   0.0000  -0.0000  -0.0000  -0.0000 
                  --- 3---  -0.0000   0.0000   0.0041 
                           --- 4---  -0.0000  -1.0000 
                                    --- 5---  -0.0000 
                                             --- 6--- 


ZETA(z)_kl
--- 1---   0.7446   0.0018   0.0000   0.6676   0.0000 
         --- 2---   0.0000  -0.0000   0.0000  -0.0025 
                  --- 3---  -0.0000  -0.0000   1.0000 
                           --- 4---   0.0000   0.0041 
                                    --- 5---   0.0001 
                                             --- 6--- 


Printing constants to "coriolis" text file.
 Format:  I K L  ZETA^I_K,L ... I = 1,2,3 for x,y,z

Inertial tensor derivatives (using BOHR units!!!):
(Printing to file "didQ".)
  0.0001  16.5769  -0.0000 
 16.5769  -0.0000   0.0000 
 -0.0000   0.0000   0.0000 


-22.2555   0.0000   0.0000 
  0.0000  -0.0103  -0.0000 
  0.0000  -0.0000 -22.2659 


 -0.0610  -0.0000   0.0000 
 -0.0000   0.0027   0.0000 
  0.0000   0.0000  -0.0583 


 -0.0003   0.0000   0.0000 
  0.0000   0.0000   0.0000 
  0.0000   0.0000  -0.0002 


 -0.0092   0.0000  -0.0000 
  0.0000  24.8439  -0.0000 
 -0.0000  -0.0000  24.8347 


 -0.0000  -0.0056  -0.0000 
 -0.0056  -0.0000   0.0000 
 -0.0000   0.0000  -0.0000 



Displacement vectors (non-mass-weighted Cartesians):
       x           y          z   
Freq. =    27.8496 cm^-1
   0.392180   -0.000001    0.000000 
  -0.035616    0.000000    0.000000 
  -0.035710   -0.129802   -0.000000 
  -0.035710    0.129802   -0.000000 

Freq. =    55.1215 cm^-1
   0.000001    0.374257   -0.000000 
  -0.000000   -0.033548   -0.000000 
  -0.000057   -0.034243    0.000000 
   0.000057   -0.034243    0.000000 

Freq. =   673.3391 cm^-1
  -0.000000    0.000281    0.000000 
  -0.000000   -0.055110    0.000228 
   0.000004    0.020638   -0.000085 
  -0.000004    0.020638   -0.000085 

Freq. =   673.3553 cm^-1
   0.000000    0.000001   -0.000013 
  -0.000000   -0.000228   -0.055083 
   0.000000    0.000085    0.020664 
  -0.000000    0.000085    0.020664 

Freq. =  1352.5504 cm^-1
   0.000000    0.000031   -0.000000 
   0.000000    0.000001   -0.000000 
   0.027915   -0.000004    0.000000 
  -0.027915   -0.000004    0.000000 

Freq. =  2394.6700 cm^-1
  -0.000008    0.000000   -0.000000 
   0.029211   -0.000000   -0.000000 
  -0.010956    0.000005    0.000000 
  -0.010956   -0.000005    0.000000 

Printing normal coordinate information to "RECTNORMCOORD" text file


#################################
 NITROGEN exited successfully    
#################################
