#################################
NITROGEN                         
  Numerical and                  
  Iterative                      
  Techniques for                 
 ROvibronic energies with        
GENeral internal coordinates     
                                 
PBC,2013-2017                    
Release version (1.9), Linux build
OpenMP Parallelization
Compiled Feb 21 2024, 09:24:35
Executed: Mon Mar 18 14:19:20 2024
#################################

Loading job file: "STAT.job"
-----BEGIN JOB FILE CONTENT-----
> # Example CO2He stationary point
> # optimization and harmonic 
> # frequency calculation
> 
> JOBTYPE = JOBTYPE_STAT
> 
> # Optimizing MINimum geometry
> STAT_TYPE = MIN
> 
> # Use Z-matrix coordinate system
> COORD = ZMAT
> %ZMAT
> He
> C1 1 R12
> O2 2 R13 1 A213
> O3 2 R14 1 A214 3 D3214
> %
> 
> # Masses
> MASS = He C-13 O O
> 
> # Select PES library
> PES = /home/oosode/project/rgCO2/rgCO2-stampede/pes/HeCO2/CO2He/libCO2He.so
> 
> # Starting coordinates based on Z-martix
> # distances in angstroms, D indicates degrees
> #REF1 = 3.072126158394488 1.162212327901127 D89.987379264934717 1.162212327743621 D89.987378418022047 D179.999999999995111 
> REF1 = 3.074804384683565 1.162212105224351 D89.987891669189310 1.162212105293320 D89.987885020988628 D179.999999987358706 
> 
> # Select BFGS optimization
> STAT_OPT = BFGS
> 
> # Set gradient norm tolerance to 1e-1
> STAT_TOL = 1e-1
> STAT_MAX_ITER = 100000
> 
> # Calculate frequencies after optimization
> CALC_FREQ
> HESS_STEP = 0.005
> GRAD_STEP = 1e-6
> CALC_RECT
> 
> # Print verbose optimization output
> STAT_VERBOSE
> 
> 
------END JOB FILE CONTENT------

### PARSING JOB FILE ###

JOBTYPE = JOBTYPE_STAT
# of CPUs:	64
# of thrs:	64
sizeof(void *) = 8
max size_t = 18446744073709551615

Atom | ZMAT entry:              
--------------------------------
  1  | He
  2  | C1 1 R12
  3  | O2 2 R13 1 A213
  4  | O3 2 R14 1 A214 3 D3214

# of non-dummy ZMAT atoms = 4
# of non-fixed ZMAT coord = 6

Coordinate system: ZMAT
N = 4, Nq = 6

 Atom | Isotope | Atomic Mass (/u) | Nuclear spin 
--------------------------------------------------
   1  |     He  |   4.00260325415  | 0            
   2  |   C-13  |  13.00335483780  | 1/2          
   3  |      O  |  15.99491461956  | 0            
   4  |      O  |  15.99491461956  | 0            
--------------------------------------------------

Loading PES shared library from "/home/oosode/project/rgCO2/rgCO2-stampede/pes/HeCO2/CO2He/libCO2He.so":
N = 4
Note: cannot import PES calcGradient subroutine. Using numerical gradient.
PES_GRAD_STEP = 1.00E-05 (default)
PESPERM = 1 2 3 4 (default)
PES imported successfully

Loading user reference geometries:
----------------------------------
REF1 = [3.0748, 1.1622, 1.5706, 1.1622, 1.5706, 3.1416]

STAT_OPT = BFGS

STAT_TYPE = MIN
STAT_TOL = 1.000000E-01
GRAD_STEP = 1.000000E-06
HESS_STEP = 5.000000E-03
STAT_MAX_ITER = FD_ORDER = 6 (default)
STEP_SCALE = 1.000000E-07 (default)
STEP_ALPHA = 6.000000E-01 (default)
Calculate frequencies (CALC_FREQ): YES
No STAT_CONSTRAINT specified.
### PARSING COMPLETE ###

Begin stationary point analysis:
********************************
Initial position:
V=-47.645434093097
q = [ 3.074804384683565 1.162212105224351 1.570584996555329 1.162212105293320 1.570584880522338 3.141592653369161 ]
g = [ 9.0240E-01 -7.7230E-01 8.9632E-01 -7.7216E-01 8.9629E-01 -2.6493E-05 ]
|grad| = 1.900981E+00
Printing STAT_VERBOSE output...
Iteration    1: V=-47.646482757898 q = [3.073154963667418 1.162212434653507 1.570578742997054 1.162212434525776 1.570578570814103 3.141592650259594 ], |grad| = 7.583130E-01
Iteration    2: V=-47.646647113705 q = [3.072503139156091 1.162212566550133 1.570576249726086 1.162212566490639 1.570576041317552 3.141592653178686 ], |grad| = 3.021121E-01
Iteration    3: V=-47.646672726634 q = [3.072247014259238 1.162212619366187 1.570575123447989 1.162212619481441 1.570575160330450 3.141592652351794 ], |grad| = 1.207122E-01
Iteration    4: V=-47.646676787509 q = [3.072145222005735 1.162212640650687 1.570574832420568 1.162212640579069 1.570574647838675 3.141592653455744 ], |grad| = 4.825262E-02

Optimized energy and geometry: 
-------------------------------
  V = -47.646676787509 cm^-1, |grad| = 4.825262E-02
       R12 =    3.072145222005735         3.072145222005735
       R13 =    1.162212640650687         1.162212640650687
      A213 =    1.570574832420568       D89.987309307165049
       R14 =    1.162212640579069         1.162212640579069
      A214 =    1.570574647838675       D89.987298731401623
     D3214 =    3.141592653455744      D179.999999992319573

Rotational constants at optimized geometry:
-------------------------------------------
 A =  0.485997735635 cm-1, 14569.845574842730 MHz
 B =  0.390133646871 cm-1, 11695.912494392034 MHz
 C =  0.216410543852 cm-1,  6487.824887862842 MHz

REF parameter formatted string: 
--------------------------------
  REF1 = 3.072145222005735 1.162212640650687 D89.987309307165049 1.162212640579069 D89.987298731401623 D179.999999992319573 

FG analysis (STAT_VERBOSE is  ON) :
***********************************
Internal coordinate Hessian:
+3.32924E+02 -1.09256E+02 +2.51047E+01 -1.09222E+02 +2.49016E+01 +1.32342E-01 
-1.09256E+02 +8.04935E+05 -3.93083E+01 +6.29058E+04 +9.78414E+01 +7.76042E-02 
+2.51047E+01 -3.93083E+01 +3.96937E+04 +9.78326E+01 +3.94748E+04 +7.87077E-02 
-1.09222E+02 +6.29058E+04 +9.78326E+01 +8.04935E+05 -3.91519E+01 +1.02986E-01 
+2.49016E+01 +9.78414E+01 +3.94748E+04 -3.91519E+01 +3.96936E+04 +1.34644E-02 
+1.32342E-01 +7.76042E-02 +7.87077E-02 +1.02986E-01 +1.34644E-02 +3.96247E+04 
Printing Hessian to "HESS_IC".

Moments of inertia:   [     34.6866     43.2099     77.8965 ] u Ang^2
Rotational constants: [      0.4860      0.3901      0.2164 ] cm^-1
                      [ 14569.8456 11695.9125  6487.8249 ] MHz


Internal coordinate Gvib:
+3.26741E-01 +1.70336E-05 -6.61697E-02 +1.70478E-05 -6.61697E-02 -2.05694E-26 
+1.70336E-05 +1.39423E-01 -2.50324E-02 -7.69032E-02 +2.50031E-02 -8.86923E-12 
-6.61697E-02 -2.50324E-02 +1.37830E-01 +2.50031E-02 +2.23244E-02 +2.88450E-12 
+1.70478E-05 -7.69032E-02 +2.50031E-02 +1.39423E-01 -2.50324E-02 -8.86923E-12 
-6.61697E-02 +2.50031E-02 +2.23244E-02 -2.50324E-02 +1.37830E-01 +2.88451E-12 
-2.05694E-26 -8.86923E-12 +2.88450E-12 -8.86923E-12 +2.88451E-12 +3.20270E-01 

GF matrix:
+1.05467E+02 -2.47880E+01 -5.23035E+03 -2.47762E+01 -5.23041E+03 +3.71455E-02 
-6.83336E+00 +1.07392E+05 -1.96423E+01 -5.31350E+04 +2.09669E+01 +1.26815E-03 
-1.80094E+01 -1.85726E+04 +6.35399E+03 +1.85710E+04 +6.32186E+03 +3.02431E-03 
-6.81595E+00 -5.31350E+04 +2.09805E+01 +1.07392E+05 -1.96184E+01 +1.00234E-02 
-1.80345E+01 +1.85710E+04 +6.32184E+03 -1.85726E+04 +6.35399E+03 -5.78166E-03 
+4.23851E-02 +2.48466E-02 +2.52080E-02 +3.29757E-02 +4.31246E-03 +1.26906E+04 

Frequencies:
------------
 Mode  1     27.6926954623  
 Mode  2     55.2322432919  
 Mode  3    654.1151899393  
 Mode  4    654.1209881875  
 Mode  5   1352.5159100119  
 Mode  6   2326.4859880567  


Frequencies: [    27.693     55.232    654.115    654.121   1352.516   2326.486  ] cm^-1 
 VR matrix (dQ = VR * dQ'): 
         R12:  +0.000205  -0.407039  -0.000678  +0.053395  -0.000025  -0.000000 
         R13:  -0.000064  -0.000051  -0.000000  +0.000011  +0.027915  +0.039592 
        A213:  -0.251516  -0.000646  +0.000817  -0.064239  -0.000001  -0.009162 
         R14:  +0.000064  -0.000051  -0.000000  +0.000011  +0.027915  -0.039592 
        A214:  +0.251516  -0.000519  +0.000817  -0.064239  -0.000001  +0.009162 
       D3214:  +0.000000  +0.000001  +0.128472  +0.001633  +0.000000  -0.000000 


Frequencies: [    27.693     55.232    654.115    654.121   1352.516   2326.486  ] cm^-1 
 (VR^-1)^T matrix: 
         R12:  +0.000619  -2.453843  -0.000257  +0.022262  -0.004515  -0.000001 
         R13:  -0.460019  -0.001385  +0.000000  -0.000287 +17.911581 +12.628208 
        A213:  -1.987571  -1.020798  +0.098832  -7.772869  +0.001145  -0.003196 
         R14:  +0.460019  -0.000921  -0.000004  -0.000287 +17.911578 -12.628216 
        A214:  +1.988085  -1.018798  +0.098819  -7.772875  +0.001148  +0.003193 
       D3214:  +0.000001  +0.000007  +7.782526  +0.098938  +0.000005  -0.000001 
Printing NC transformation info to "NC_TRANS"


Frequencies: [    27.693     55.232    654.115    654.121   1352.516   2326.486  ] cm^-1 
 VR matrix (columns norm. to 1): 
         R12:  +0.000576  -0.999998  -0.005281  +0.506640  -0.000642  -0.000000 
         R13:  -0.000179  -0.000126  -0.000001  +0.000103  +0.707107  +0.688901 
        A213:  -0.707106  -0.001588  +0.006357  -0.609539  -0.000027  -0.159424 
         R14:  +0.000179  -0.000126  -0.000001  +0.000103  +0.707106  -0.688901 
        A214:  +0.707107  -0.001276  +0.006356  -0.609539  -0.000027  +0.159424 
       D3214:  +0.000001  +0.000003  +0.999946  +0.015497  +0.000001  -0.000000 


Frequencies: [    27.693     55.232    654.115    654.121   1352.516   2326.486  ] cm^-1 

---------------------------------
Rectilinear normal mode analysis:
---------------------------------
Geometry in PAS frame:
X0     -0.000001  -2.821005   0.000000 
X1      0.000000   0.251140   0.000000 
X2      1.162213   0.250882  -0.000000 
X3     -1.162212   0.250883  -0.000000 

Principal moments of inertia:
 Ia  34.68664148 u*A^2
 Ib  43.20988295 u*A^2
 Ic  77.89652442 u*A^2
Projecting Hessian against T and R vectors!

Frequencies (cm^-1) and TR overlap matrix:
           |    Tx       Ty       Tz       Rx       Ry       Rz     |  SOS 
-----------------------------------------------------------------------------
   -0.0000 |  +0.901   +0.105   +0.246   +0.073   -0.222   -0.249   | 1.000
   -0.0000 |  +0.387   -0.460   -0.557   -0.166   +0.533   +0.132   | 1.000
   -0.0000 |  +0.024   -0.435   +0.715   +0.213   +0.325   +0.384   | 1.000
   -0.0000 |  -0.000   +0.000   +0.286   -0.958   +0.000   -0.000   | 1.000
    0.0000 |  +0.034   -0.504   -0.166   -0.050   -0.746   +0.397   | 1.000
    0.0000 |  -0.191   -0.578   +0.094   +0.028   -0.058   -0.785   | 1.000
   27.6910 |  +0.000   -0.000   +0.000   +0.000   +0.000   -0.000   | 0.000
   55.2564 |  -0.000   -0.000   -0.000   -0.000   +0.000   +0.000   | 0.000
  654.1138 |  -0.000   -0.000   -0.000   -0.000   -0.000   +0.000   | 0.000
  654.1206 |  +0.000   +0.000   +0.000   +0.000   -0.000   -0.000   | 0.000
 1352.5157 |  +0.000   -0.000   +0.000   +0.000   -0.000   -0.000   | 0.000
 2326.4861 |  +0.000   -0.000   -0.000   -0.000   +0.000   +0.000   | 0.000

Coriolis coupling constants:
----------------------------
ZETA(x)_kl
--- 1---   0.0000   0.0000  -0.0000  -0.0000   0.0000 
         --- 2---   0.0028   0.0001   0.0000   0.0000 
                  --- 3---   1.0000   0.0001   0.0000 
                           --- 4---   0.0000   0.0000 
                                    --- 5---  -0.0000 
                                             --- 6--- 


ZETA(y)_kl
--- 1---   0.0000   0.0004   0.0000   0.0000  -0.0000 
         --- 2---  -0.0000  -0.0000  -0.0000   0.0000 
                  --- 3---  -0.0000   0.0000   0.9998 
                           --- 4---   0.0000   0.0187 
                                    --- 5---   0.0000 
                                             --- 6--- 


ZETA(z)_kl
--- 1---  -0.7445   0.0000  -0.0018   0.6676  -0.0000 
         --- 2---   0.0000   0.0000  -0.0000  -0.0025 
                  --- 3---   0.0000   0.0000  -0.0187 
                           --- 4---   0.0000   0.9998 
                                    --- 5---  -0.0001 
                                             --- 6--- 


Printing constants to "coriolis" text file.
 Format:  I K L  ZETA^I_K,L ... I = 1,2,3 for x,y,z

Inertial tensor derivatives (using BOHR units!!!):
(Printing to file "didQ".)
  0.0001  16.5784  -0.0000 
 16.5784  -0.0000   0.0000 
 -0.0000   0.0000   0.0001 


 22.2591  -0.0001   0.0000 
 -0.0001   0.0092   0.0000 
  0.0000   0.0000  22.2684 


 -0.0012   0.0000   0.0000 
  0.0000   0.0001   0.0000 
  0.0000   0.0000  -0.0011 


  0.0616   0.0000  -0.0000 
  0.0000  -0.0035  -0.0000 
 -0.0000  -0.0000   0.0581 


 -0.0083   0.0000  -0.0000 
  0.0000  24.8439  -0.0000 
 -0.0000  -0.0000  24.8357 


 -0.0000   0.0059   0.0000 
  0.0059  -0.0000  -0.0000 
  0.0000  -0.0000  -0.0000 



Displacement vectors (non-mass-weighted Cartesians):
       x           y          z   
Freq. =    27.6910 cm^-1
   0.393640   -0.000002    0.000000 
  -0.034952    0.000000    0.000000 
  -0.035045   -0.130184   -0.000000 
  -0.035045    0.130185   -0.000000 

Freq. =    55.2564 cm^-1
  -0.000001   -0.374148   -0.000000 
   0.000000    0.032803   -0.000000 
   0.000052    0.033480    0.000000 
  -0.000051    0.033480    0.000000 

Freq. =   654.1138 cm^-1
   0.000000    0.000005   -0.000014 
  -0.000000   -0.000993   -0.053077 
   0.000000    0.000403    0.021577 
  -0.000000    0.000403    0.021577 

Freq. =   654.1206 cm^-1
   0.000000   -0.000287   -0.000000 
   0.000000    0.053103   -0.000992 
  -0.000006   -0.021550    0.000403 
   0.000006   -0.021550    0.000403 

Freq. =  1352.5157 cm^-1
  -0.000000    0.000028   -0.000000 
   0.000000    0.000003   -0.000000 
   0.027915   -0.000005    0.000000 
  -0.027915   -0.000005    0.000000 

Freq. =  2326.4861 cm^-1
   0.000008    0.000000   -0.000000 
  -0.028150    0.000000   -0.000000 
   0.011442   -0.000005    0.000000 
   0.011442    0.000005    0.000000 

Printing normal coordinate information to "RECTNORMCOORD" text file


#################################
 NITROGEN exited successfully    
#################################
