#################################
NITROGEN                         
  Numerical and                  
  Iterative                      
  Techniques for                 
 ROvibronic energies with        
GENeral internal coordinates     
                                 
PBC,2013-2017                    
Release version (1.9), Linux build
OpenMP Parallelization
Compiled Feb 17 2024, 21:07:49
Executed: Sat Feb 17 21:10:28 2024
#################################

Loading job file: "STAT.job"
-----BEGIN JOB FILE CONTENT-----
> # Example CO2He stationary point
> # optimization and harmonic 
> # frequency calculation
> 
> JOBTYPE = JOBTYPE_STAT
> 
> # Optimizing MINimum geometry
> STAT_TYPE = MIN
> 
> # Use Z-matrix coordinate system
> COORD = ZMAT
> %ZMAT
> He
> C1 1 R12
> O2 2 R13 1 A213
> O3 2 R14 1 A214 3 D3214
> %
> 
> # Masses
> MASS = He C O O
> 
> # Select PES library
> PES = /home/oosode/project/rgCO2/rgCO2-stampede/pes/HeCO2/CO2He/libCO2He.so
> 
> # Starting coordinates based on Z-martix
> # distances in angstroms, D indicates degrees
> #REF1 = 3.072126158394488 1.162212327901127 D89.987379264934717 1.162212327743621 D89.987378418022047 D179.999999999995111 
> REF1 = 3.074804384683565 1.162212105224351 D89.987891669189310 1.162212105293320 D89.987885020988628 D179.999999987358706 
> 
> # Select BFGS optimization
> STAT_OPT = BFGS
> 
> # Set gradient norm tolerance to 1e-1
> STAT_TOL = 1e-1
> STAT_MAX_ITER = 100000
> 
> # Calculate frequencies after optimization
> CALC_FREQ
> HESS_STEP = 0.005
> GRAD_STEP = 1e-6
> CALC_RECT
> 
> # Print verbose optimization output
> STAT_VERBOSE
> 
> 
------END JOB FILE CONTENT------

### PARSING JOB FILE ###

JOBTYPE = JOBTYPE_STAT
# of CPUs:	1
# of thrs:	1
sizeof(void *) = 8
max size_t = 18446744073709551615

Atom | ZMAT entry:              
--------------------------------
  1  | He
  2  | C1 1 R12
  3  | O2 2 R13 1 A213
  4  | O3 2 R14 1 A214 3 D3214

# of non-dummy ZMAT atoms = 4
# of non-fixed ZMAT coord = 6

Coordinate system: ZMAT
N = 4, Nq = 6

 Atom | Isotope | Atomic Mass (/u) | Nuclear spin 
--------------------------------------------------
   1  |     He  |   4.00260325415  | 0            
   2  |      C  |  12.00000000000  | 0            
   3  |      O  |  15.99491461956  | 0            
   4  |      O  |  15.99491461956  | 0            
--------------------------------------------------

Loading PES shared library from "/home/oosode/project/rgCO2/rgCO2-stampede/pes/HeCO2/CO2He/libCO2He.so":
N = 4
Note: cannot import PES calcGradient subroutine. Using numerical gradient.
PES_GRAD_STEP = 1.00E-05 (default)
PESPERM = 1 2 3 4 (default)
PES imported successfully

Loading user reference geometries:
----------------------------------
REF1 = [3.0748, 1.1622, 1.5706, 1.1622, 1.5706, 3.1416]

STAT_OPT = BFGS

STAT_TYPE = MIN
STAT_TOL = 1.000000E-01
GRAD_STEP = 1.000000E-06
HESS_STEP = 5.000000E-03
STAT_MAX_ITER = FD_ORDER = 6 (default)
STEP_SCALE = 1.000000E-07 (default)
STEP_ALPHA = 6.000000E-01 (default)
Calculate frequencies (CALC_FREQ): YES
No STAT_CONSTRAINT specified.
### PARSING COMPLETE ###

Begin stationary point analysis:
********************************
Initial position:
V=-47.645434093097
q = [ 3.074804384683565 1.162212105224351 1.570584996555329 1.162212105293320 1.570584880522338 3.141592653369161 ]
g = [ 9.0240E-01 -7.7230E-01 8.9632E-01 -7.7216E-01 8.9629E-01 -2.6493E-05 ]
|grad| = 1.900981E+00
Printing STAT_VERBOSE output...
Iteration    1: V=-47.646482757898 q = [3.073154963667418 1.162212434653507 1.570578742997054 1.162212434525776 1.570578570814103 3.141592650259594 ], |grad| = 7.583130E-01
Iteration    2: V=-47.646647113705 q = [3.072503139156091 1.162212566550133 1.570576249726086 1.162212566490639 1.570576041317552 3.141592653178686 ], |grad| = 3.021121E-01
Iteration    3: V=-47.646672726634 q = [3.072247014259238 1.162212619366187 1.570575123447989 1.162212619481441 1.570575160330450 3.141592652351794 ], |grad| = 1.207122E-01
Iteration    4: V=-47.646676787509 q = [3.072145222005735 1.162212640650687 1.570574832420568 1.162212640579069 1.570574647838675 3.141592653455744 ], |grad| = 4.825262E-02

Optimized energy and geometry: 
-------------------------------
  V = -47.646676787509 cm^-1, |grad| = 4.825262E-02
       R12 =    3.072145222005735         3.072145222005735
       R13 =    1.162212640650687         1.162212640650687
      A213 =    1.570574832420568       D89.987309307165049
       R14 =    1.162212640579069         1.162212640579069
      A214 =    1.570574647838675       D89.987298731401623
     D3214 =    3.141592653455744      D179.999999992319573

Rotational constants at optimized geometry:
-------------------------------------------
 A =  0.486904626446 cm-1, 14597.033477376357 MHz
 B =  0.390133646871 cm-1, 11695.912494392040 MHz
 C =  0.216590180124 cm-1,  6493.210247813950 MHz

REF parameter formatted string: 
--------------------------------
  REF1 = 3.072145222005735 1.162212640650687 D89.987309307165049 1.162212640579069 D89.987298731401623 D179.999999992319573 

FG analysis (STAT_VERBOSE is  ON) :
***********************************
Internal coordinate Hessian:
+3.32924E+02 -1.09256E+02 +2.51047E+01 -1.09222E+02 +2.49016E+01 +1.32342E-01 
-1.09256E+02 +8.04935E+05 -3.93083E+01 +6.29058E+04 +9.78414E+01 +7.76042E-02 
+2.51047E+01 -3.93083E+01 +3.96937E+04 +9.78326E+01 +3.94748E+04 +7.87077E-02 
-1.09222E+02 +6.29058E+04 +9.78326E+01 +8.04935E+05 -3.91519E+01 +1.02986E-01 
+2.49016E+01 +9.78414E+01 +3.94748E+04 -3.91519E+01 +3.96936E+04 +1.34644E-02 
+1.32342E-01 +7.76042E-02 +7.87077E-02 +1.02986E-01 +1.34644E-02 +3.96247E+04 
Printing Hessian to "HESS_IC".

Moments of inertia:   [     34.6220     43.2099     77.8319 ] u Ang^2
Rotational constants: [      0.4869      0.3901      0.2166 ] cm^-1
                      [ 14597.0335 11695.9125  6493.2102 ] MHz


Internal coordinate Gvib:
+3.33171E-01 +1.84579E-05 -7.17023E-02 +1.84732E-05 -7.17023E-02 -1.40909E-26 
+1.84579E-05 +1.45853E-01 -2.71255E-02 -8.33333E-02 +2.70937E-02 -9.61081E-12 
-7.17023E-02 -2.71255E-02 +1.43271E-01 +2.70937E-02 +2.64043E-02 +3.12576E-12 
+1.84732E-05 -8.33333E-02 +2.70937E-02 +1.45853E-01 -2.71255E-02 -9.61081E-12 
-7.17023E-02 +2.70937E-02 +2.64043E-02 -2.71255E-02 +1.43271E-01 +3.12575E-12 
-1.40909E-26 -9.61081E-12 +3.12576E-12 -9.61081E-12 +3.12575E-12 +3.39309E-01 

GF matrix:
+1.07331E+02 -2.45782E+01 -5.66820E+03 -2.45662E+01 -5.66826E+03 +3.74868E-02 
-6.83359E+00 +1.12164E+05 -2.10792E+01 -5.79066E+04 +2.22085E+01 +9.68511E-04 
-1.96128E+01 -2.01251E+04 +6.73117E+03 +2.01231E+04 +6.69816E+03 +2.82817E-03 
-6.81489E+00 -5.79066E+04 +2.22233E+01 +1.12164E+05 -2.10541E+01 +1.03232E-02 
-1.96383E+01 +2.01231E+04 +6.69814E+03 -2.01251E+04 +6.73116E+03 -6.17278E-03 
+4.49047E-02 +2.63234E-02 +2.67065E-02 +3.49358E-02 +4.56882E-03 +1.34450E+04 

Frequencies:
------------
 Mode  1     27.7069494896  
 Mode  2     55.2821768838  
 Mode  3    673.2765711305  
 Mode  4    673.3017215801  
 Mode  5   1352.5159102438  
 Mode  6   2394.6435680274  


Frequencies: [    27.707     55.282    673.277    673.302   1352.516   2394.644  ] cm^-1 
 VR matrix (dQ = VR * dQ'): 
         R12:  -0.000205  +0.407210  -0.000190  +0.055394  +0.000025  +0.000000 
         R13:  +0.000064  +0.000051  -0.000000  +0.000011  -0.027915  -0.040167 
        A213:  +0.251580  +0.000663  +0.000224  -0.065178  +0.000001  +0.009507 
         R14:  -0.000064  +0.000051  -0.000000  +0.000011  -0.027915  +0.040167 
        A214:  -0.251581  +0.000536  +0.000224  -0.065178  +0.000001  -0.009507 
       D3214:  -0.000000  -0.000001  +0.130350  +0.000448  -0.000000  +0.000000 


Frequencies: [    27.707     55.282    673.277    673.302   1352.516   2394.644  ] cm^-1 
 (VR^-1)^T matrix: 
         R12:  -0.000618  +2.452668  -0.000052  +0.022546  +0.004515  +0.000001 
         R13:  +0.470373  +0.001387  -0.000003  -0.000356 -17.911580 -12.447191 
        A213:  +1.987052  +1.043253  +0.026331  -7.661675  -0.001129  +0.003170 
         R14:  -0.470373  +0.000914  -0.000006  -0.000356 -17.911578 +12.447199 
        A214:  -1.987576  +1.041254  +0.026318  -7.661681  -0.001133  -0.003167 
       D3214:  -0.000001  -0.000007  +7.671556  +0.026348  -0.000005  +0.000001 
Printing NC transformation info to "NC_TRANS"


Frequencies: [    27.707     55.282    673.277    673.302   1352.516   2394.644  ] cm^-1 
 VR matrix (columns norm. to 1): 
         R12:  -0.000576  +0.999998  -0.001457  +0.515100  +0.000635  +0.000000 
         R13:  +0.000180  +0.000126  -0.000000  +0.000103  -0.707107  -0.688095 
        A213:  +0.707106  +0.001627  +0.001718  -0.606075  +0.000034  +0.162864 
         R14:  -0.000180  +0.000126  -0.000000  +0.000103  -0.707106  +0.688096 
        A214:  -0.707107  +0.001316  +0.001717  -0.606076  +0.000034  -0.162864 
       D3214:  -0.000001  -0.000003  +0.999996  +0.004163  -0.000001  +0.000000 


Frequencies: [    27.707     55.282    673.277    673.302   1352.516   2394.644  ] cm^-1 

---------------------------------
Rectilinear normal mode analysis:
---------------------------------
Geometry in PAS frame:
X0     -0.000001  -2.815754   0.000000 
X1      0.000000   0.256391   0.000000 
X2      1.162213   0.256133  -0.000000 
X3     -1.162212   0.256134  -0.000000 

Principal moments of inertia:
 Ia  34.62203540 u*A^2
 Ib  43.20988295 u*A^2
 Ic  77.83191835 u*A^2
Projecting Hessian against T and R vectors!

Frequencies (cm^-1) and TR overlap matrix:
           |    Tx       Ty       Tz       Rx       Ry       Rz     |  SOS 
-----------------------------------------------------------------------------
   -0.0000 |  +0.001   -0.043   -0.625   -0.188   -0.756   +0.036   | 1.000
   -0.0000 |  -0.102   -0.254   -0.690   -0.208   +0.637   +0.003   | 1.000
   -0.0000 |  -0.305   -0.593   +0.135   +0.041   -0.123   -0.722   | 1.000
   -0.0000 |  -0.000   +0.000   -0.289   +0.957   +0.000   -0.000   | 1.000
    0.0000 |  -0.485   +0.740   -0.136   -0.041   +0.059   -0.440   | 1.000
    0.0000 |  +0.813   +0.187   -0.116   -0.035   +0.070   -0.533   | 1.000
   27.7060 |  +0.000   -0.000   +0.000   +0.000   +0.000   -0.000   | 0.000
   55.3066 |  +0.000   +0.000   +0.000   +0.000   +0.000   +0.000   | 0.000
  673.2753 |  +0.000   +0.000   +0.000   +0.000   +0.000   -0.000   | 0.000
  673.3014 |  +0.000   +0.000   +0.000   +0.000   +0.000   -0.000   | 0.000
 1352.5158 |  +0.000   -0.000   -0.000   -0.000   -0.000   -0.000   | 0.000
 2394.6437 |  +0.000   -0.000   -0.000   -0.000   -0.000   -0.000   | 0.000

Coriolis coupling constants:
----------------------------
ZETA(x)_kl
--- 1---  -0.0000   0.0000  -0.0000   0.0000  -0.0000 
         --- 2---  -0.0028  -0.0000  -0.0000  -0.0000 
                  --- 3---   1.0000  -0.0001   0.0000 
                           --- 4---  -0.0000  -0.0000 
                                    --- 5---   0.0000 
                                             --- 6--- 


ZETA(y)_kl
--- 1---  -0.0000  -0.0003  -0.0000  -0.0000  -0.0000 
         --- 2---  -0.0000  -0.0000   0.0000   0.0000 
                  --- 3---  -0.0000   0.0000   1.0000 
                           --- 4---   0.0000   0.0012 
                                    --- 5---   0.0000 
                                             --- 6--- 


ZETA(z)_kl
--- 1---  -0.7448  -0.0000   0.0018   0.6672  -0.0000 
         --- 2---   0.0000   0.0000   0.0000   0.0025 
                  --- 3---   0.0000   0.0000  -0.0012 
                           --- 4---   0.0000   1.0000 
                                    --- 5---   0.0001 
                                             --- 6--- 


Printing constants to "coriolis" text file.
 Format:  I K L  ZETA^I_K,L ... I = 1,2,3 for x,y,z

Inertial tensor derivatives (using BOHR units!!!):
(Printing to file "didQ".)
  0.0000 -16.5698   0.0000 
-16.5698   0.0000  -0.0000 
  0.0000  -0.0000   0.0001 


-22.2384  -0.0000   0.0000 
 -0.0000  -0.0093  -0.0000 
  0.0000  -0.0000 -22.2477 


 -0.0001  -0.0000  -0.0000 
 -0.0000   0.0000   0.0000 
 -0.0000   0.0000  -0.0001 


  0.0615  -0.0000  -0.0000 
 -0.0000  -0.0036  -0.0000 
 -0.0000  -0.0000   0.0579 


  0.0083  -0.0000   0.0000 
 -0.0000 -24.8439   0.0000 
  0.0000   0.0000 -24.8357 


  0.0000   0.0057   0.0000 
  0.0057   0.0000  -0.0000 
  0.0000  -0.0000   0.0000 



Displacement vectors (non-mass-weighted Cartesians):
       x           y          z   
Freq. =    27.7060 cm^-1
  -0.393330   -0.000001    0.000000 
   0.035721    0.000000    0.000000 
   0.035814    0.130082   -0.000000 
   0.035814   -0.130082   -0.000000 

Freq. =    55.3066 cm^-1
  -0.000001    0.373630   -0.000000 
   0.000000   -0.033490   -0.000000 
  -0.000051   -0.034186    0.000000 
   0.000051   -0.034186    0.000000 

Freq. =   673.2753 cm^-1
  -0.000000    0.000000   -0.000014 
   0.000000   -0.000066   -0.055087 
   0.000000    0.000025    0.020666 
  -0.000000    0.000025    0.020666 

Freq. =   673.3014 cm^-1
  -0.000000   -0.000282   -0.000000 
   0.000000    0.055112   -0.000066 
  -0.000006   -0.020638    0.000025 
   0.000006   -0.020638    0.000025 

Freq. =  1352.5158 cm^-1
   0.000000   -0.000028   -0.000000 
  -0.000000   -0.000003   -0.000000 
  -0.027915    0.000005    0.000000 
   0.027915    0.000005    0.000000 

Freq. =  2394.6437 cm^-1
   0.000007   -0.000000   -0.000000 
  -0.029211    0.000000   -0.000000 
   0.010957   -0.000005    0.000000 
   0.010957    0.000005    0.000000 

Printing normal coordinate information to "RECTNORMCOORD" text file


#################################
 NITROGEN exited successfully    
#################################
