#################################
NITROGEN                         
  Numerical and                  
  Iterative                      
  Techniques for                 
 ROvibronic energies with        
GENeral internal coordinates     
                                 
PBC,2013-2017                    
Release version (1.9), Linux build
OpenMP Parallelization
Compiled Feb 21 2024, 09:24:35
Executed: Wed Mar 20 22:46:10 2024
#################################

Loading job file: "STAT.job"
-----BEGIN JOB FILE CONTENT-----
> # Example CO2He stationary point
> # optimization and harmonic 
> # frequency calculation
> 
> JOBTYPE = JOBTYPE_STAT
> 
> # Optimizing MINimum geometry
> STAT_TYPE = MIN
> 
> # Use Z-matrix coordinate system
> COORD = ZMAT
> %ZMAT
> He
> C1 1 R12
> O2 2 R13 1 A213
> O3 2 R14 1 A214 3 D3214
> %
> 
> # Masses
> MASS = He C-13 O-18 O-18
> 
> # Select PES library
> PES = /home/oosode/project/rgCO2/rgCO2-stampede/pes/HeCO2/CO2He/libCO2He.so
> 
> # Starting coordinates based on Z-martix
> # distances in angstroms, D indicates degrees
> #REF1 = 3.072126158394488 1.162212327901127 D89.987379264934717 1.162212327743621 D89.987378418022047 D179.999999999995111 
> REF1 = 3.074804384683565 1.162212105224351 D89.987891669189310 1.162212105293320 D89.987885020988628 D179.999999987358706 
> 
> # Select BFGS optimization
> STAT_OPT = BFGS
> 
> # Set gradient norm tolerance to 1e-1
> STAT_TOL = 1e-1
> STAT_MAX_ITER = 100000
> 
> # Calculate frequencies after optimization
> CALC_FREQ
> HESS_STEP = 0.005
> GRAD_STEP = 1e-6
> CALC_RECT
> 
> # Print verbose optimization output
> STAT_VERBOSE
> 
> 
------END JOB FILE CONTENT------

### PARSING JOB FILE ###

JOBTYPE = JOBTYPE_STAT
# of CPUs:	64
# of thrs:	64
sizeof(void *) = 8
max size_t = 18446744073709551615

Atom | ZMAT entry:              
--------------------------------
  1  | He
  2  | C1 1 R12
  3  | O2 2 R13 1 A213
  4  | O3 2 R14 1 A214 3 D3214

# of non-dummy ZMAT atoms = 4
# of non-fixed ZMAT coord = 6

Coordinate system: ZMAT
N = 4, Nq = 6

 Atom | Isotope | Atomic Mass (/u) | Nuclear spin 
--------------------------------------------------
   1  |     He  |   4.00260325415  | 0            
   2  |   C-13  |  13.00335483780  | 1/2          
   3  |   O-18  |  17.99916100000  | 0            
   4  |   O-18  |  17.99916100000  | 0            
--------------------------------------------------

Loading PES shared library from "/home/oosode/project/rgCO2/rgCO2-stampede/pes/HeCO2/CO2He/libCO2He.so":
N = 4
Note: cannot import PES calcGradient subroutine. Using numerical gradient.
PES_GRAD_STEP = 1.00E-05 (default)
PESPERM = 1 2 3 4 (default)
PES imported successfully

Loading user reference geometries:
----------------------------------
REF1 = [3.0748, 1.1622, 1.5706, 1.1622, 1.5706, 3.1416]

STAT_OPT = BFGS

STAT_TYPE = MIN
STAT_TOL = 1.000000E-01
GRAD_STEP = 1.000000E-06
HESS_STEP = 5.000000E-03
STAT_MAX_ITER = FD_ORDER = 6 (default)
STEP_SCALE = 1.000000E-07 (default)
STEP_ALPHA = 6.000000E-01 (default)
Calculate frequencies (CALC_FREQ): YES
No STAT_CONSTRAINT specified.
### PARSING COMPLETE ###

Begin stationary point analysis:
********************************
Initial position:
V=-47.645434093097
q = [ 3.074804384683565 1.162212105224351 1.570584996555329 1.162212105293320 1.570584880522338 3.141592653369161 ]
g = [ 9.0240E-01 -7.7230E-01 8.9632E-01 -7.7216E-01 8.9629E-01 -2.6493E-05 ]
|grad| = 1.900981E+00
Printing STAT_VERBOSE output...
Iteration    1: V=-47.646482757898 q = [3.073154963667418 1.162212434653507 1.570578742997054 1.162212434525776 1.570578570814103 3.141592650259594 ], |grad| = 7.583130E-01
Iteration    2: V=-47.646647113705 q = [3.072503139156091 1.162212566550133 1.570576249726086 1.162212566490639 1.570576041317552 3.141592653178686 ], |grad| = 3.021121E-01
Iteration    3: V=-47.646672726634 q = [3.072247014259238 1.162212619366187 1.570575123447989 1.162212619481441 1.570575160330450 3.141592652351794 ], |grad| = 1.207122E-01
Iteration    4: V=-47.646676787509 q = [3.072145222005735 1.162212640650687 1.570574832420568 1.162212640579069 1.570574647838675 3.141592653455744 ], |grad| = 4.825262E-02

Optimized energy and geometry: 
-------------------------------
  V = -47.646676787509 cm^-1, |grad| = 4.825262E-02
       R12 =    3.072145222005735         3.072145222005735
       R13 =    1.162212640650687         1.162212640650687
      A213 =    1.570574832420568       D89.987309307165049
       R14 =    1.162212640579069         1.162212640579069
      A214 =    1.570574647838675       D89.987298731401623
     D3214 =    3.141592653455744      D179.999999992319573

Rotational constants at optimized geometry:
-------------------------------------------
 A =  0.482751856963 cm-1, 14472.536580300173 MHz
 B =  0.346691402556 cm-1, 10393.546773966187 MHz
 C =  0.201781033791 cm-1,  6049.243209806831 MHz

REF parameter formatted string: 
--------------------------------
  REF1 = 3.072145222005735 1.162212640650687 D89.987309307165049 1.162212640579069 D89.987298731401623 D179.999999992319573 

FG analysis (STAT_VERBOSE is  ON) :
***********************************
Internal coordinate Hessian:
+3.32924E+02 -1.09256E+02 +2.51047E+01 -1.09222E+02 +2.49016E+01 +1.32342E-01 
-1.09256E+02 +8.04935E+05 -3.93083E+01 +6.29058E+04 +9.78414E+01 +7.76042E-02 
+2.51047E+01 -3.93083E+01 +3.96937E+04 +9.78326E+01 +3.94748E+04 +7.87077E-02 
-1.09222E+02 +6.29058E+04 +9.78326E+01 +8.04935E+05 -3.91519E+01 +1.02986E-01 
+2.49016E+01 +9.78414E+01 +3.94748E+04 -3.91519E+01 +3.96936E+04 +1.34644E-02 
+1.32342E-01 +7.76042E-02 +7.87077E-02 +1.02986E-01 +1.34644E-02 +3.96247E+04 
Printing Hessian to "HESS_IC".

Moments of inertia:   [     34.9199     48.6243     83.5442 ] u Ang^2
Rotational constants: [      0.4828      0.3467      0.2018 ] cm^-1
                      [ 14472.5366 10393.5468  6049.2432 ] MHz


Internal coordinate Gvib:
+3.26741E-01 +1.70336E-05 -6.61697E-02 +1.70478E-05 -6.61697E-02 +2.38478E-26 
+1.70336E-05 +1.32461E-01 -2.50324E-02 -7.69032E-02 +2.50031E-02 -8.86924E-12 
-6.61697E-02 -2.50324E-02 +1.32676E-01 +2.50031E-02 +2.23244E-02 +2.88452E-12 
+1.70478E-05 -7.69032E-02 +2.50031E-02 +1.32461E-01 -2.50324E-02 -8.86922E-12 
-6.61697E-02 +2.50031E-02 +2.23244E-02 -2.50324E-02 +1.32676E-01 +2.88449E-12 
+2.38478E-26 -8.86924E-12 +2.88452E-12 -8.86922E-12 +2.88449E-12 +3.09962E-01 

GF matrix:
+1.05467E+02 -2.47880E+01 -5.23035E+03 -2.47762E+01 -5.23041E+03 +3.71455E-02 
-6.07276E+00 +1.01789E+05 -1.93686E+01 -5.35730E+04 +2.02858E+01 +7.27891E-04 
-1.81388E+01 -1.85724E+04 +6.14941E+03 +1.85705E+04 +6.11840E+03 +2.61865E-03 
-6.05557E+00 -5.35729E+04 +2.02994E+01 +1.01789E+05 -1.93458E+01 +9.30649E-03 
-1.81628E+01 +1.85705E+04 +6.11839E+03 -1.85724E+04 +6.14941E+03 -5.85105E-03 
+4.10209E-02 +2.40467E-02 +2.43966E-02 +3.19141E-02 +4.17367E-03 +1.22821E+04 

Frequencies:
------------
 Mode  1     26.9446312698  
 Mode  2     55.0451696246  
 Mode  3    643.5026108292  
 Mode  4    643.5354552893  
 Mode  5   1274.9912912146  
 Mode  6   2288.7493211780  


Frequencies: [    26.945     55.045    643.503    643.535   1274.991   2288.749  ] cm^-1 
 VR matrix (dQ = VR * dQ'): 
         R12:  -0.000199  +0.406329  -0.000145  +0.054735  +0.000028  +0.000000 
         R13:  +0.000063  +0.000051  -0.000000  +0.000011  -0.027103  -0.039269 
        A213:  +0.248095  +0.000665  +0.000170  -0.063720  +0.000001  +0.009390 
         R14:  -0.000063  +0.000051  -0.000000  +0.000011  -0.027103  +0.039269 
        A214:  -0.248096  +0.000546  +0.000170  -0.063720  +0.000001  -0.009390 
       D3214:  -0.000000  -0.000001  +0.127436  +0.000339  -0.000000  +0.000000 


Frequencies: [    26.945     55.045    643.503    643.535   1274.991   2288.749  ] cm^-1 
 (VR^-1)^T matrix: 
         R12:  -0.000589  +2.457910  -0.000036  +0.023361  +0.004652  +0.000001 
         R13:  +0.481856  +0.001544  -0.000003  -0.000400 -18.448093 -12.731882 
        A213:  +2.014977  +1.056649  +0.020882  -7.836755  -0.001155  +0.003251 
         R14:  -0.481856  +0.001071  -0.000007  -0.000400 -18.448091 +12.731890 
        A214:  -2.015482  +1.054677  +0.020869  -7.836761  -0.001159  -0.003248 
       D3214:  -0.000001  -0.000007  +7.847044  +0.020893  -0.000005  +0.000001 
Printing NC transformation info to "NC_TRANS"


Frequencies: [    26.945     55.045    643.503    643.535   1274.991   2288.749  ] cm^-1 
 VR matrix (columns norm. to 1): 
         R12:  -0.000567  +0.999998  -0.001141  +0.519136  +0.000720  +0.000000 
         R13:  +0.000180  +0.000126  -0.000000  +0.000103  -0.707107  -0.687721 
        A213:  +0.707106  +0.001637  +0.001332  -0.604354  +0.000037  +0.164439 
         R14:  -0.000180  +0.000126  -0.000000  +0.000103  -0.707106  +0.687721 
        A214:  -0.707107  +0.001344  +0.001331  -0.604354  +0.000037  -0.164439 
       D3214:  -0.000001  -0.000003  +0.999998  +0.003218  -0.000001  +0.000000 


Frequencies: [    26.945     55.045    643.503    643.535   1274.991   2288.749  ] cm^-1 

---------------------------------
Rectilinear normal mode analysis:
---------------------------------
Geometry in PAS frame:
X0     -0.000001  -2.839978   0.000000 
X1      0.000000   0.232167   0.000000 
X2      1.162213   0.231909  -0.000000 
X3     -1.162213   0.231910  -0.000000 

Principal moments of inertia:
 Ia  34.91986405 u*A^2
 Ib  48.62430707 u*A^2
 Ic  83.54417112 u*A^2
Projecting Hessian against T and R vectors!

Frequencies (cm^-1) and TR overlap matrix:
           |    Tx       Ty       Tz       Rx       Ry       Rz     |  SOS 
-----------------------------------------------------------------------------
   -0.0000 |  +0.001   +0.002   +0.618   +0.177   +0.766   -0.003   | 1.000
   -0.0000 |  -0.429   -0.524   +0.291   +0.083   -0.250   +0.622   | 1.000
   -0.0000 |  +0.640   -0.750   -0.028   -0.008   +0.025   -0.165   | 1.000
    0.0000 |  -0.000   -0.000   +0.275   -0.962   -0.000   -0.000   | 1.000
    0.0000 |  -0.583   -0.339   +0.054   +0.016   -0.049   -0.735   | 1.000
    0.0000 |  -0.258   -0.221   -0.674   -0.192   +0.590   +0.214   | 1.000
   26.9449 |  -0.000   +0.000   -0.000   -0.000   +0.000   +0.000   | 0.000
   55.0694 |  +0.000   -0.000   +0.000   +0.000   -0.000   -0.000   | 0.000
  643.5014 |  +0.000   +0.000   -0.000   +0.000   +0.000   -0.000   | 0.000
  643.5352 |  -0.000   -0.000   -0.000   -0.000   +0.000   -0.000   | 0.000
 1274.9912 |  +0.000   -0.000   -0.000   -0.000   +0.000   +0.000   | 0.000
 2288.7495 |  +0.000   +0.000   +0.000   +0.000   -0.000   -0.000   | 0.000

Coriolis coupling constants:
----------------------------
ZETA(x)_kl
--- 1---   0.0000   0.0000  -0.0000   0.0000   0.0000 
         --- 2---   0.0029   0.0000   0.0000   0.0000 
                  --- 3---   1.0000  -0.0001  -0.0000 
                           --- 4---  -0.0000  -0.0000 
                                    --- 5---   0.0000 
                                             --- 6--- 


ZETA(y)_kl
--- 1---  -0.0000  -0.0004  -0.0000  -0.0000   0.0000 
         --- 2---  -0.0000  -0.0000  -0.0000  -0.0000 
                  --- 3---  -0.0000   0.0000  -1.0000 
                           --- 4---   0.0000  -0.0001 
                                    --- 5---  -0.0000 
                                             --- 6--- 


ZETA(z)_kl
--- 1---   0.7626  -0.0000   0.0020   0.6468   0.0000 
         --- 2---  -0.0000  -0.0000  -0.0000   0.0026 
                  --- 3---  -0.0000   0.0000   0.0001 
                           --- 4---   0.0000  -1.0000 
                                    --- 5---  -0.0001 
                                             --- 6--- 


Printing constants to "coriolis" text file.
 Format:  I K L  ZETA^I_K,L ... I = 1,2,3 for x,y,z

Inertial tensor derivatives (using BOHR units!!!):
(Printing to file "didQ".)
 -0.0000 -17.0386   0.0000 
-17.0386   0.0000   0.0000 
  0.0000   0.0000   0.0000 


 22.3338  -0.0000   0.0000 
 -0.0000   0.0104   0.0000 
  0.0000   0.0000  22.3442 


 -0.0000  -0.0000   0.0000 
 -0.0000   0.0000   0.0000 
  0.0000   0.0000  -0.0000 


  0.0651  -0.0000  -0.0000 
 -0.0000  -0.0038  -0.0000 
 -0.0000  -0.0000   0.0613 


  0.0088  -0.0000  -0.0000 
 -0.0000 -26.3545   0.0000 
 -0.0000   0.0000 -26.3458 


  0.0000  -0.0060  -0.0000 
 -0.0060  -0.0000   0.0000 
 -0.0000   0.0000  -0.0000 



Displacement vectors (non-mass-weighted Cartesians):
       x           y          z   
Freq. =    26.9449 cm^-1
  -0.410131   -0.000000    0.000000 
   0.033435   -0.000000    0.000000 
   0.033525    0.120535   -0.000000 
   0.033525   -0.120535   -0.000000 

Freq. =    55.0694 cm^-1
  -0.000000   -0.376041   -0.000000 
   0.000000    0.030199   -0.000000 
   0.000051    0.030903    0.000000 
  -0.000051    0.030903    0.000000 

Freq. =   643.5014 cm^-1
  -0.000000    0.000000   -0.000015 
   0.000000   -0.000006   -0.054405 
   0.000000    0.000002    0.019654 
  -0.000000    0.000002    0.019654 

Freq. =   643.5352 cm^-1
  -0.000000   -0.000306   -0.000000 
   0.000000    0.054429   -0.000006 
  -0.000006   -0.019627    0.000002 
   0.000005   -0.019627    0.000002 

Freq. =  1274.9912 cm^-1
   0.000000   -0.000031   -0.000000 
  -0.000000   -0.000003   -0.000000 
  -0.027103    0.000005    0.000000 
   0.027103    0.000005    0.000000 

Freq. =  2288.7495 cm^-1
  -0.000008   -0.000000   -0.000000 
   0.028849   -0.000000   -0.000000 
  -0.010420    0.000005    0.000000 
  -0.010420   -0.000005    0.000000 

Printing normal coordinate information to "RECTNORMCOORD" text file


#################################
 NITROGEN exited successfully    
#################################
